#This file shows the router's system log.
001  1970-01-01 01:09:50           system pppoe_osl_ppp_close(ppp0): close completedly.
002  1970-01-01 01:09:51           system pppoe_fsm_up(ppp0)
003  1970-01-01 01:09:51           system ppp0 send PADI
004  1970-01-01 01:09:54           system ppp0 send PADI
005  1970-01-01 01:09:59           system ppp0 send PADI
006  1970-01-01 01:09:59           system ppp0 receives PADO
007  1970-01-01 01:09:59           system Send PADR, Enter PPPOE_SREQ
008  1970-01-01 01:09:59           system ppp0 send PADR
009  1970-01-01 01:09:59           system ppp0 receive PADS
010  1970-01-01 01:09:59           system Enter PPPOE_CONNECTED, session_id = 22071
011  1970-01-01 01:09:59           system pppoe_osl_ppp_open(ppp0): open successfully.
012  1970-01-01 01:09:59           system start lcp stage
013  1970-01-01 01:10:00           system PAP authentication failed
014  1970-01-01 01:10:00           system Connection terminated.
015  1970-01-01 01:10:00           system ppp0 receive PADT(SID:22071)
016  1970-01-01 01:10:00           system pppoe_fsm_down(ppp0)
017  1970-01-01 01:10:00           system pppoe_osl_ppp_close(ppp0): close completedly.
018  1970-01-01 01:10:01           system pppoe_fsm_up(ppp0)
019  1970-01-01 01:10:01           system ppp0 send PADI
020  1970-01-01 01:10:01           system ppp0 receives PADO
021  1970-01-01 01:10:01           system Send PADR, Enter PPPOE_SREQ
022  1970-01-01 01:10:01           system ppp0 send PADR
023  1970-01-01 01:10:01           system ppp0 receive PADS
024  1970-01-01 01:10:01           system Enter PPPOE_CONNECTED, session_id = 22072
025  1970-01-01 01:10:01           system pppoe_osl_ppp_open(ppp0): open successfully.
026  1970-01-01 01:10:01           system start lcp stage
027  1970-01-01 01:10:02           system PAP authentication failed
028  1970-01-01 01:10:02           system Connection terminated.
029  1970-01-01 01:10:02           system ppp0 receive PADT(SID:22072)
030  1970-01-01 01:10:02           system pppoe_fsm_down(ppp0)
031  1970-01-01 01:10:02           system pppoe_osl_ppp_close(ppp0): close completedly.
032  1970-01-01 01:10:03           system pppoe_fsm_up(ppp0)
033  1970-01-01 01:10:03           system ppp0 send PADI
034  1970-01-01 01:10:06           system ppp0 send PADI
035  1970-01-01 01:10:11           system ppp0 send PADI
036  1970-01-01 01:10:11           system ppp0 receives PADO
037  1970-01-01 01:10:11           system Send PADR, Enter PPPOE_SREQ
038  1970-01-01 01:10:11           system ppp0 send PADR
039  1970-01-01 01:10:11           system ppp0 receive PADS
040  1970-01-01 01:10:11           system Enter PPPOE_CONNECTED, session_id = 22076
041  1970-01-01 01:10:11           system pppoe_osl_ppp_open(ppp0): open successfully.
042  1970-01-01 01:10:11           system start lcp stage
043  1970-01-01 01:10:12           system PAP authentication failed
044  1970-01-01 01:10:12           system Connection terminated.
045  1970-01-01 01:10:12           system ppp0 receive PADT(SID:22076)
046  1970-01-01 01:10:12           system pppoe_fsm_down(ppp0)
047  1970-01-01 01:10:12           system pppoe_osl_ppp_close(ppp0): close completedly.
048  1970-01-01 01:10:13           system pppoe_fsm_up(ppp0)
049  1970-01-01 01:10:13           system ppp0 send PADI
050  1970-01-01 01:10:13           system ppp0 receives PADO
051  1970-01-01 01:10:13           system Send PADR, Enter PPPOE_SREQ
052  1970-01-01 01:10:13           system ppp0 send PADR
053  1970-01-01 01:10:13           system ppp0 receive PADS
054  1970-01-01 01:10:13           system Enter PPPOE_CONNECTED, session_id = 22077
055  1970-01-01 01:10:13           system pppoe_osl_ppp_open(ppp0): open successfully.
056  1970-01-01 01:10:13           system start lcp stage
057  1970-01-01 01:10:14           system PAP authentication failed
058  1970-01-01 01:10:14           system Connection terminated.
059  1970-01-01 01:10:14           system ppp0 receive PADT(SID:22077)
060  1970-01-01 01:10:14           system pppoe_fsm_down(ppp0)
061  1970-01-01 01:10:14           system pppoe_osl_ppp_close(ppp0): close completedly.
062  1970-01-01 01:10:15           system pppoe_fsm_up(ppp0)
063  1970-01-01 01:10:15           system ppp0 send PADI
064  1970-01-01 01:10:18           system ppp0 send PADI
065  1970-01-01 01:10:23           system ppp0 send PADI
066  1970-01-01 01:10:23           system ppp0 receives PADO
067  1970-01-01 01:10:23           system Send PADR, Enter PPPOE_SREQ
068  1970-01-01 01:10:23           system ppp0 send PADR
069  1970-01-01 01:10:23           system ppp0 receive PADS
070  1970-01-01 01:10:23           system Enter PPPOE_CONNECTED, session_id = 22087
071  1970-01-01 01:10:23           system pppoe_osl_ppp_open(ppp0): open successfully.
072  1970-01-01 01:10:23           system start lcp stage
073  1970-01-01 01:10:24           system PAP authentication failed
074  1970-01-01 01:10:24           system Connection terminated.
075  1970-01-01 01:10:24           system ppp0 receive PADT(SID:22087)
076  1970-01-01 01:10:24           system pppoe_fsm_down(ppp0)
077  1970-01-01 01:10:24           system pppoe_osl_ppp_close(ppp0): close completedly.
078  1970-01-01 01:10:25           system pppoe_fsm_up(ppp0)
079  1970-01-01 01:10:25           system ppp0 send PADI
080  1970-01-01 01:10:25           system ppp0 receives PADO
081  1970-01-01 01:10:25           system Send PADR, Enter PPPOE_SREQ
082  1970-01-01 01:10:25           system ppp0 send PADR
083  1970-01-01 01:10:25           system ppp0 receive PADS
084  1970-01-01 01:10:25           system Enter PPPOE_CONNECTED, session_id = 22090
085  1970-01-01 01:10:25           system pppoe_osl_ppp_open(ppp0): open successfully.
086  1970-01-01 01:10:25           system start lcp stage
087  1970-01-01 01:10:26           system PAP authentication failed
088  1970-01-01 01:10:26           system Connection terminated.
089  1970-01-01 01:10:26           system ppp0 receive PADT(SID:22090)
090  1970-01-01 01:10:26           system pppoe_fsm_down(ppp0)
091  1970-01-01 01:10:26           system pppoe_osl_ppp_close(ppp0): close completedly.
092  1970-01-01 01:10:27           system pppoe_fsm_up(ppp0)
093  1970-01-01 01:10:27           system ppp0 send PADI
094  1970-01-01 01:10:30           system ppp0 send PADI
095  1970-01-01 01:10:35           system ppp0 send PADI
096  1970-01-01 01:10:41 Network alarm support wan down!
097  1970-01-01 01:10:42           system pppoe_shutdown(ppp0)
098  1970-01-01 01:10:42           system pppoe_fsm_down(ppp0)
099  1970-01-01 01:10:42           system pppoe_osl_ppp_close(ppp0): close completedly.
100  1970-01-01 01:10:42           system pppoe_main(ppp0):Exit
101  1970-01-01 01:10:42           system interface eth1 shutdown
102  1970-01-01 03:25:47 Network alarm support wan up!
103  1970-01-01 03:25:47       dhcpc_eth1 interface eth1 init
104  1970-01-01 03:25:48       dhcpc_eth1 DHCPC_DISCOVER sending
105  1970-01-01 03:25:56       dhcpc_eth1 DHCPC_DISCOVER sending
106  1970-01-01 03:25:56       dhcpc_eth1 DHCPC_OFFER received
107  1970-01-01 03:25:56       dhcpc_eth1 DHCPC_STATE_REQUESTING init sending
108  1970-01-01 03:25:56       dhcpc_eth1 DHCPC_STATE_REQUESTING received
109  1970-01-01 03:25:56       dhcpc_eth1 DHCPC_STATE_REQUESTING lease = 2592000
110  1970-01-01 03:25:56       dhcpc_eth1 get new lease time: 2592000 secs
111  1970-01-01 03:25:56       dhcpc_eth1 get DHCPC_T2: 2268000 secs
112  1970-01-01 03:25:56       dhcpc_eth1 get DHCPC_T1: 1296000 secs
113  1970-01-01 03:25:56       dhcpc_eth1 DHCPC_BOUND get ip success
114  1970-01-01 03:25:56           pppoe0 pppoe_init(ppp0)
115  1970-01-01 03:25:56           pppoe0 pppoe_fsm_up(ppp0)
116  1970-01-01 03:25:57           pppoe0 ppp0 send PADI
117  1970-01-01 03:25:59           pppoe0 ppp0 send PADI
118  1970-01-01 03:26:04           pppoe0 ppp0 send PADI
119  1970-01-01 03:26:13           pppoe0 ppp0 send PADI
120  1970-01-01 03:26:30           pppoe0 ppp0 send PADI
121  1970-01-01 03:27:03           pppoe0 ppp0 send PADI
122  1970-01-01 03:27:06           pppoe0 ppp0 send PADI
123  1970-01-01 03:27:11           pppoe0 ppp0 send PADI
124  1970-01-01 03:27:20           pppoe0 ppp0 send PADI
125  1970-01-01 03:27:37           pppoe0 ppp0 send PADI
126  1970-01-01 03:28:10           pppoe0 ppp0 send PADI
127  1970-01-01 03:28:13           pppoe0 ppp0 send PADI
128  1970-01-01 03:28:18           pppoe0 ppp0 send PADI
129  1970-01-01 03:28:27           pppoe0 ppp0 send PADI
130  1970-01-01 03:28:44           pppoe0 ppp0 send PADI
131  1970-01-01 03:29:17           pppoe0 ppp0 send PADI
132  1970-01-01 03:29:20           pppoe0 ppp0 send PADI
133  1970-01-01 03:29:25           pppoe0 ppp0 send PADI
134  1970-01-01 03:29:34           pppoe0 ppp0 send PADI
135  1970-01-01 03:29:51           pppoe0 ppp0 send PADI
136  1970-01-01 03:29:51           pppoe0 ppp0 receives PADO
137  1970-01-01 03:29:51           pppoe0 Send PADR, Enter PPPOE_SREQ
138  1970-01-01 03:29:51           pppoe0 ppp0 send PADR
139  1970-01-01 03:29:51           pppoe0 ppp0 receive PADS
140  1970-01-01 03:29:51           pppoe0 Enter PPPOE_CONNECTED, session_id = 24705
141  1970-01-01 03:29:51           pppoe0 pppoe_osl_ppp_open(ppp0): open successfully.
142  1970-01-01 03:29:51            pppd0 start lcp stage
143  1970-01-01 03:29:51            pppd0 PAP authentication succeeded
144  1970-01-01 03:29:51            pppd0 local  IP address 192.168.68.150
145  1970-01-01 03:29:51            pppd0 remote IP address 192.168.68.149
146  1970-01-01 03:29:51            pppd0 primary   DNS address 103.82.172.6
147  1970-01-01 03:29:51            pppd0 secondary DNS address 103.140.181.65
148  2026-05-17 20:06:52             SNTP update time success
149  2026-05-17 20:06:52             SNTP update time success
150  2026-05-17 20:06:52             SNTP update time success
